// Vitest Snapshot v1, https://vitest.dev/guide/snapshot.html

exports[`POST /users/login > Invalid password or email 1`] = `
{
  "error": "Unauthorized",
}
`;

exports[`POST /users/login > Success user login 1`] = `
{
  "email": "test@test.com",
  "token": "eyJhbGciOiJIUzI1NiJ9.eyJlbWFpbCI6InRlc3RAdGVzdC5jb20iLCJpZCI6IjY1OTg4NzFlY2RlZDlmOWE0MjMwOGRhNiIsImlhdCI6MTcwNDQ5NDg3OCwiZXhwIjoxNzA0NDk1MjM4fQ.lKSGHiQqp52F0Iv145pvaQpMPzCHe8sYVbq_uS790Gc",
}
`;
